
> asian-style-text-design@0.0.1 build
> next build

   Γû▓ Next.js 15.5.14
   - Environments: .env.local, .env

   Creating an optimized production build ...
node.exe : Failed to 
compile.
At line:1 char:1
+ & "C:\Program 
Files\nodejs/node.exe" 
"C:\Program 
Files\nodejs/node_mo ...
+ ~~~~~~~~~~~~~~~~~~~~~~~~~
~~~~~~~~~~~~~~~~~~~~~~~~~~~
~~~~~~~~~~~~~~~~~
    + CategoryInfo         
     : NotSpecified: (Fai  
  led to compile.:String   
 ) [], RemoteException
    + FullyQualifiedErrorI 
   d : NativeCommandError
 

./src/actions/authActions.t
s
Module not found: Can't 
resolve 'jose'

https://nextjs.org/docs/mes
sages/module-not-found

Import trace for requested 
module:
./node_modules/next/dist/bu
ild/webpack/loaders/next-fl
ight-action-entry-loader.js
?actions=%5B%5B%22D%3A%5C%5
CAsian%20Style%20Text%20Des
ign%5C%5Csrc%5C%5Cactions%5
C%5CauthActions.ts%22%2C%5B
%7B%22id%22%3A%22005a4c2121
e79833e2d5757a3b2aeff43dd87
c3f3b%22%2C%22exportedName%
22%3A%22logout%22%2C%22file
name%22%3A%22..%2FD%3A%5C%5
CAsian%20Style%20Text%20Des
ign%5C%5Csrc%5C%5Cactions%5
C%5CauthActions.ts%22%7D%2C
%7B%22id%22%3A%2200d86fcf4e
1ebca0c551440130d874577dad7
e5694%22%2C%22exportedName%
22%3A%22getSession%22%2C%22
filename%22%3A%22..%2FD%3A%
5C%5CAsian%20Style%20Text%2
0Design%5C%5Csrc%5C%5Cactio
ns%5C%5CauthActions.ts%22%7
D%2C%7B%22id%22%3A%22408e83
c1011e875a28eb91ba2b2cbfe10
a0af627c0%22%2C%22exportedN
ame%22%3A%22registerUser%22
%2C%22filename%22%3A%22..%2
FD%3A%5C%5CAsian%20Style%20
Text%20Design%5C%5Csrc%5C%5
Cactions%5C%5CauthActions.t
s%22%7D%2C%7B%22id%22%3A%22
40ea4584a25df3fdc6e79745970
09414f0f8209f43%22%2C%22exp
ortedName%22%3A%22login%22%
2C%22filename%22%3A%22..%2F
D%3A%5C%5CAsian%20Style%20T
ext%20Design%5C%5Csrc%5C%5C
actions%5C%5CauthActions.ts
%22%7D%5D%5D%2C%5B%22D%3A%5
C%5CAsian%20Style%20Text%20
Design%5C%5Csrc%5C%5Caction
s%5C%5CorderActions.ts%22%2
C%5B%7B%22id%22%3A%22008378
9b833f33ae7e0fcc15769610c8b
2f9b90c23%22%2C%22exportedN
ame%22%3A%22getUserOrders%2
2%2C%22filename%22%3A%22..%
2FD%3A%5C%5CAsian%20Style%2
0Text%20Design%5C%5Csrc%5C%
5Cactions%5C%5CorderActions
.ts%22%7D%2C%7B%22id%22%3A%
2200fd525eee1ed67c16ee5c7d4
c2c8289aca9da05d0%22%2C%22e
xportedName%22%3A%22getAllO
rders%22%2C%22filename%22%3
A%22..%2FD%3A%5C%5CAsian%20
Style%20Text%20Design%5C%5C
src%5C%5Cactions%5C%5Corder
Actions.ts%22%7D%2C%7B%22id
%22%3A%2240f7c35331528062fb
c285b914d097c63b90569bda%22
%2C%22exportedName%22%3A%22
createOrder%22%2C%22filenam
e%22%3A%22..%2FD%3A%5C%5CAs
ian%20Style%20Text%20Design
%5C%5Csrc%5C%5Cactions%5C%5
CorderActions.ts%22%7D%5D%5
D%5D&__client_imported__=tr
ue!


> Build failed because of 
webpack errors
